#-----------------------------------------------------------
# Vivado v2025.1 (64-bit)
# SW Build 6140274 on Thu May 22 00:12:29 MDT 2025
# IP Build 6138677 on Thu May 22 03:10:11 MDT 2025
# SharedData Build 6139179 on Tue May 20 17:58:58 MDT 2025
# Start of session at: Tue Sep 30 00:46:01 2025
# Process ID         : 10132
# Current directory  : C:/IPD432/vector_coprocessor
# Command line       : vivado.exe -gui_launcher_event rodinguilauncherevent16332 C:\IPD432\vector_coprocessor\vector_coprocessor.xpr
# Log file           : C:/IPD432/vector_coprocessor/vivado.log
# Journal file       : C:/IPD432/vector_coprocessor\vivado.jou
# Running On         : Cristian
# Platform           : Windows Server 2016 or Windows 10
# Operating System   : 26100
# Processor Detail   : 12th Gen Intel(R) Core(TM) i5-12500H
# CPU Frequency      : 3110 MHz
# CPU Physical cores : 12
# CPU Logical cores  : 16
# Host memory        : 16782 MB
# Swap memory        : 7247 MB
# Total Virtual      : 24030 MB
# Available Virtual  : 7561 MB
#-----------------------------------------------------------
start_gui
open_project C:/IPD432/vector_coprocessor/vector_coprocessor.xpr
update_compile_order -fileset sources_1
add_files -norecurse -scan_for_includes {C:/IPD432/uart/uart.srcs/sources_1/imports/uart/data_sync.v C:/IPD432/uart/uart.srcs/sources_1/imports/uart/uart_baud_tick_gen.v C:/IPD432/uart/uart.srcs/sources_1/new/top_uart_rx.v C:/IPD432/uart/uart.srcs/sources_1/imports/uart/uart_tx.v C:/IPD432/uart/uart.srcs/sources_1/imports/uart/uart_rx.v C:/IPD432/uart/uart.srcs/sources_1/new/top_uart_tx.v}
import_files -norecurse {C:/IPD432/uart/uart.srcs/sources_1/imports/uart/data_sync.v C:/IPD432/uart/uart.srcs/sources_1/imports/uart/uart_baud_tick_gen.v C:/IPD432/uart/uart.srcs/sources_1/new/top_uart_rx.v C:/IPD432/uart/uart.srcs/sources_1/imports/uart/uart_tx.v C:/IPD432/uart/uart.srcs/sources_1/imports/uart/uart_rx.v C:/IPD432/uart/uart.srcs/sources_1/new/top_uart_tx.v}
update_compile_order -fileset sources_1
set_property SOURCE_SET sources_1 [get_filesets sim_1]
close [ open C:/IPD432/vector_coprocessor/vector_coprocessor.srcs/sim_1/new/tb_uart_vector.sv w ]
add_files -fileset sim_1 C:/IPD432/vector_coprocessor/vector_coprocessor.srcs/sim_1/new/tb_uart_vector.sv
update_compile_order -fileset sim_1
