
*** Running vivado
    with args -log vector_coprocessor.vds -m64 -product Vivado -mode batch -messageDb vivado.pb -notrace -source vector_coprocessor.tcl



****** Vivado v2025.1 (64-bit)
  **** SW Build 6140274 on Thu May 22 00:12:29 MDT 2025
  **** IP Build 6138677 on Thu May 22 03:10:11 MDT 2025
  **** SharedData Build 6139179 on Tue May 20 17:58:58 MDT 2025
  **** Start of session at: Tue Oct 14 21:51:42 2025
    ** Copyright 1986-2022 Xilinx, Inc. All Rights Reserved.
    ** Copyright 2022-2025 Advanced Micro Devices, Inc. All Rights Reserved.

source vector_coprocessor.tcl -notrace
create_project: Time (s): cpu = 00:00:07 ; elapsed = 00:00:05 . Memory (MB): peak = 492.258 ; gain = 212.820
Command: read_checkpoint -auto_incremental -incremental C:/IPD432/vector_coprocessor/vector_coprocessor.srcs/utils_1/imports/synth_1/top_uart_loopback.dcp
INFO: [Vivado 12-5825] Read reference checkpoint from C:/IPD432/vector_coprocessor/vector_coprocessor.srcs/utils_1/imports/synth_1/top_uart_loopback.dcp for incremental synthesis
INFO: [Vivado 12-7989] Please ensure there are no constraint changes
Command: synth_design -top vector_coprocessor -part xc7a100tcsg324-1
Starting synth_design
Attempting to get a license for feature 'Synthesis' and/or device 'xc7a100t'
INFO: [Common 17-349] Got license for feature 'Synthesis' and/or device 'xc7a100t'
INFO: [Device 21-403] Loading part xc7a100tcsg324-1
INFO: [Designutils 20-5440] No compile time benefit to using incremental synthesis; A full resynthesis will be run
INFO: [Designutils 20-4379] Flow is switching to default flow due to incremental criteria not met. If you would like to alter this behaviour and have the flow terminate instead, please set the following parameter config_implementation {autoIncr.Synth.RejectBehavior Terminate}
INFO: [Synth 8-7079] Multithreading enabled for synth_design using a maximum of 2 processes.
INFO: [Synth 8-7078] Launching helper process for spawning children vivado processes
INFO: [Synth 8-7075] Helper process launched with PID 10856
---------------------------------------------------------------------------------
Starting RTL Elaboration : Time (s): cpu = 00:00:04 ; elapsed = 00:00:04 . Memory (MB): peak = 1227.348 ; gain = 493.934
---------------------------------------------------------------------------------
INFO: [Synth 8-11241] undeclared symbol 'sel_bram', assumed default net type 'wire' [C:/IPD432/vector_coprocessor/vector_coprocessor.srcs/sources_1/new/uart_rx_logic.sv:97]
INFO: [Synth 8-11241] undeclared symbol 'reset_bram', assumed default net type 'wire' [C:/IPD432/vector_coprocessor/vector_coprocessor.srcs/sources_1/new/uart_rx_logic.sv:98]
INFO: [Synth 8-11241] undeclared symbol 'flag_bram', assumed default net type 'wire' [C:/IPD432/vector_coprocessor/vector_coprocessor.srcs/sources_1/new/uart_rx_logic.sv:99]
INFO: [Synth 8-11241] undeclared symbol 'flag_data_ready', assumed default net type 'wire' [C:/IPD432/vector_coprocessor/vector_coprocessor.srcs/sources_1/new/uart_rx_logic.sv:114]
INFO: [Synth 8-11241] undeclared symbol 'JC', assumed default net type 'wire' [C:/IPD432/vector_coprocessor/vector_coprocessor.srcs/sources_1/new/vector_coprocessor.sv:9]
INFO: [Synth 8-11241] undeclared symbol 'rst', assumed default net type 'wire' [C:/IPD432/vector_coprocessor/vector_coprocessor.srcs/sources_1/new/vector_coprocessor.sv:10]
INFO: [Synth 8-11241] undeclared symbol 'cmd_ready', assumed default net type 'wire' [C:/IPD432/vector_coprocessor/vector_coprocessor.srcs/sources_1/new/vector_coprocessor.sv:117]
INFO: [Synth 8-11241] undeclared symbol 'data_ready', assumed default net type 'wire' [C:/IPD432/vector_coprocessor/vector_coprocessor.srcs/sources_1/new/vector_coprocessor.sv:124]
INFO: [Synth 8-6157] synthesizing module 'vector_coprocessor' [C:/IPD432/vector_coprocessor/vector_coprocessor.srcs/sources_1/new/vector_coprocessor.sv:3]
INFO: [Synth 8-6157] synthesizing module 'clk_wiz_0' [C:/IPD432/vector_coprocessor/vector_coprocessor.runs/synth_1/.Xil/Vivado-22396-Cristian/realtime/clk_wiz_0_stub.v:6]
INFO: [Synth 8-6155] done synthesizing module 'clk_wiz_0' (0#1) [C:/IPD432/vector_coprocessor/vector_coprocessor.runs/synth_1/.Xil/Vivado-22396-Cristian/realtime/clk_wiz_0_stub.v:6]
WARNING: [Synth 8-7071] port 'locked' of module 'clk_wiz_0' is unconnected for instance 'clk_src' [C:/IPD432/vector_coprocessor/vector_coprocessor.srcs/sources_1/new/vector_coprocessor.sv:15]
WARNING: [Synth 8-7023] instance 'clk_src' of module 'clk_wiz_0' has 5 connections declared, but only 4 given [C:/IPD432/vector_coprocessor/vector_coprocessor.srcs/sources_1/new/vector_coprocessor.sv:15]
INFO: [Synth 8-6157] synthesizing module 'blk_mem_gen_0' [C:/IPD432/vector_coprocessor/vector_coprocessor.runs/synth_1/.Xil/Vivado-22396-Cristian/realtime/blk_mem_gen_0_stub.v:6]
INFO: [Synth 8-6155] done synthesizing module 'blk_mem_gen_0' (0#1) [C:/IPD432/vector_coprocessor/vector_coprocessor.runs/synth_1/.Xil/Vivado-22396-Cristian/realtime/blk_mem_gen_0_stub.v:6]
WARNING: [Synth 8-7071] port 'douta' of module 'blk_mem_gen_0' is unconnected for instance 'BRAM_Vector_A' [C:/IPD432/vector_coprocessor/vector_coprocessor.srcs/sources_1/new/vector_coprocessor.sv:32]
WARNING: [Synth 8-7071] port 'rsta_busy' of module 'blk_mem_gen_0' is unconnected for instance 'BRAM_Vector_A' [C:/IPD432/vector_coprocessor/vector_coprocessor.srcs/sources_1/new/vector_coprocessor.sv:32]
WARNING: [Synth 8-7071] port 'rstb_busy' of module 'blk_mem_gen_0' is unconnected for instance 'BRAM_Vector_A' [C:/IPD432/vector_coprocessor/vector_coprocessor.srcs/sources_1/new/vector_coprocessor.sv:32]
WARNING: [Synth 8-7023] instance 'BRAM_Vector_A' of module 'blk_mem_gen_0' has 15 connections declared, but only 12 given [C:/IPD432/vector_coprocessor/vector_coprocessor.srcs/sources_1/new/vector_coprocessor.sv:32]
INFO: [Synth 8-6157] synthesizing module 'blk_mem_gen_1' [C:/IPD432/vector_coprocessor/vector_coprocessor.runs/synth_1/.Xil/Vivado-22396-Cristian/realtime/blk_mem_gen_1_stub.v:6]
INFO: [Synth 8-6155] done synthesizing module 'blk_mem_gen_1' (0#1) [C:/IPD432/vector_coprocessor/vector_coprocessor.runs/synth_1/.Xil/Vivado-22396-Cristian/realtime/blk_mem_gen_1_stub.v:6]
WARNING: [Synth 8-7071] port 'douta' of module 'blk_mem_gen_1' is unconnected for instance 'BRAM_Vector_B' [C:/IPD432/vector_coprocessor/vector_coprocessor.srcs/sources_1/new/vector_coprocessor.sv:47]
WARNING: [Synth 8-7071] port 'rsta_busy' of module 'blk_mem_gen_1' is unconnected for instance 'BRAM_Vector_B' [C:/IPD432/vector_coprocessor/vector_coprocessor.srcs/sources_1/new/vector_coprocessor.sv:47]
WARNING: [Synth 8-7071] port 'rstb_busy' of module 'blk_mem_gen_1' is unconnected for instance 'BRAM_Vector_B' [C:/IPD432/vector_coprocessor/vector_coprocessor.srcs/sources_1/new/vector_coprocessor.sv:47]
WARNING: [Synth 8-7023] instance 'BRAM_Vector_B' of module 'blk_mem_gen_1' has 15 connections declared, but only 12 given [C:/IPD432/vector_coprocessor/vector_coprocessor.srcs/sources_1/new/vector_coprocessor.sv:47]
INFO: [Synth 8-6157] synthesizing module 'uart_rx_logic' [C:/IPD432/vector_coprocessor/vector_coprocessor.srcs/sources_1/new/uart_rx_logic.sv:23]
	Parameter CLK_FREQUENCY bound to: 100000000 - type: integer 
	Parameter BAUD_RATE bound to: 115200 - type: integer 
	Parameter MEMORY_DEPTH bound to: 8 - type: integer 
INFO: [Synth 8-6157] synthesizing module 'top_uart_rx' [C:/IPD432/vector_coprocessor/vector_coprocessor.srcs/sources_1/imports/sources_1/new/top_uart_rx.v:3]
	Parameter CLK_FREQUENCY bound to: 100000000 - type: integer 
	Parameter BAUD_RATE bound to: 115200 - type: integer 
INFO: [Synth 8-6157] synthesizing module 'uart_baud_tick_gen' [C:/IPD432/vector_coprocessor/vector_coprocessor.srcs/sources_1/imports/sources_1/imports/uart/uart_baud_tick_gen.v:11]
	Parameter CLK_FREQUENCY bound to: 100000000 - type: integer 
	Parameter BAUD_RATE bound to: 115200 - type: integer 
	Parameter OVERSAMPLING bound to: 8 - type: integer 
INFO: [Synth 8-6155] done synthesizing module 'uart_baud_tick_gen' (0#1) [C:/IPD432/vector_coprocessor/vector_coprocessor.srcs/sources_1/imports/sources_1/imports/uart/uart_baud_tick_gen.v:11]
INFO: [Synth 8-6157] synthesizing module 'uart_rx' [C:/IPD432/vector_coprocessor/vector_coprocessor.srcs/sources_1/imports/sources_1/imports/uart/uart_rx.v:10]
INFO: [Synth 8-6157] synthesizing module 'data_sync' [C:/IPD432/vector_coprocessor/vector_coprocessor.srcs/sources_1/imports/sources_1/imports/uart/data_sync.v:11]
INFO: [Synth 8-6155] done synthesizing module 'data_sync' (0#1) [C:/IPD432/vector_coprocessor/vector_coprocessor.srcs/sources_1/imports/sources_1/imports/uart/data_sync.v:11]
INFO: [Synth 8-155] case statement is not full and has no default [C:/IPD432/vector_coprocessor/vector_coprocessor.srcs/sources_1/imports/sources_1/imports/uart/uart_rx.v:78]
INFO: [Synth 8-6155] done synthesizing module 'uart_rx' (0#1) [C:/IPD432/vector_coprocessor/vector_coprocessor.srcs/sources_1/imports/sources_1/imports/uart/uart_rx.v:10]
INFO: [Synth 8-6155] done synthesizing module 'top_uart_rx' (0#1) [C:/IPD432/vector_coprocessor/vector_coprocessor.srcs/sources_1/imports/sources_1/new/top_uart_rx.v:3]
INFO: [Synth 8-6157] synthesizing module 'fsm_read_command' [C:/IPD432/vector_coprocessor/vector_coprocessor.srcs/sources_1/new/read_command.sv:3]
INFO: [Synth 8-155] case statement is not full and has no default [C:/IPD432/vector_coprocessor/vector_coprocessor.srcs/sources_1/new/read_command.sv:24]
INFO: [Synth 8-6155] done synthesizing module 'fsm_read_command' (0#1) [C:/IPD432/vector_coprocessor/vector_coprocessor.srcs/sources_1/new/read_command.sv:3]
INFO: [Synth 8-6157] synthesizing module 'fsm_sel_bram' [C:/IPD432/vector_coprocessor/vector_coprocessor.srcs/sources_1/new/fsm_sel_bram.sv:3]
INFO: [Synth 8-155] case statement is not full and has no default [C:/IPD432/vector_coprocessor/vector_coprocessor.srcs/sources_1/new/fsm_sel_bram.sv:26]
INFO: [Synth 8-6155] done synthesizing module 'fsm_sel_bram' (0#1) [C:/IPD432/vector_coprocessor/vector_coprocessor.srcs/sources_1/new/fsm_sel_bram.sv:3]
INFO: [Synth 8-6157] synthesizing module 'fsm_concatenation' [C:/IPD432/vector_coprocessor/vector_coprocessor.srcs/sources_1/new/fsm_concatenation.sv:1]
INFO: [Synth 8-6155] done synthesizing module 'fsm_concatenation' (0#1) [C:/IPD432/vector_coprocessor/vector_coprocessor.srcs/sources_1/new/fsm_concatenation.sv:1]
INFO: [Synth 8-6157] synthesizing module 'FSM_RX_ctrl' [C:/IPD432/vector_coprocessor/vector_coprocessor.srcs/sources_1/imports/new/FSM_RX_ctrl.sv:2]
	Parameter MEMORY_DEPTH bound to: 8 - type: integer 
INFO: [Synth 8-155] case statement is not full and has no default [C:/IPD432/vector_coprocessor/vector_coprocessor.srcs/sources_1/imports/new/FSM_RX_ctrl.sv:32]
INFO: [Synth 8-6155] done synthesizing module 'FSM_RX_ctrl' (0#1) [C:/IPD432/vector_coprocessor/vector_coprocessor.srcs/sources_1/imports/new/FSM_RX_ctrl.sv:2]
INFO: [Synth 8-6155] done synthesizing module 'uart_rx_logic' (0#1) [C:/IPD432/vector_coprocessor/vector_coprocessor.srcs/sources_1/new/uart_rx_logic.sv:23]
INFO: [Synth 8-6157] synthesizing module 'command_block' [C:/IPD432/vector_coprocessor/vector_coprocessor.srcs/sources_1/new/command_block.sv:23]
INFO: [Synth 8-6155] done synthesizing module 'command_block' (0#1) [C:/IPD432/vector_coprocessor/vector_coprocessor.srcs/sources_1/new/command_block.sv:23]
INFO: [Synth 8-6157] synthesizing module 'processing_core' [C:/IPD432/vector_coprocessor/vector_coprocessor.srcs/sources_1/new/processing_core.sv:17]
	Parameter MAX_ADDR bound to: 8 - type: integer 
INFO: [Synth 8-6157] synthesizing module 'processing_core_fsm' [C:/IPD432/vector_coprocessor/vector_coprocessor.srcs/sources_1/new/processing_core_fsm.sv:23]
	Parameter MAX_ADDR bound to: 8 - type: integer 
INFO: [Synth 8-6155] done synthesizing module 'processing_core_fsm' (0#1) [C:/IPD432/vector_coprocessor/vector_coprocessor.srcs/sources_1/new/processing_core_fsm.sv:23]
INFO: [Synth 8-6157] synthesizing module 'read_vec' [C:/IPD432/vector_coprocessor/vector_coprocessor.srcs/sources_1/new/read_vec.sv:23]
INFO: [Synth 8-6155] done synthesizing module 'read_vec' (0#1) [C:/IPD432/vector_coprocessor/vector_coprocessor.srcs/sources_1/new/read_vec.sv:23]
INFO: [Synth 8-6157] synthesizing module 'sum_vec' [C:/IPD432/vector_coprocessor/vector_coprocessor.srcs/sources_1/new/sum_vec.sv:23]
INFO: [Synth 8-6155] done synthesizing module 'sum_vec' (0#1) [C:/IPD432/vector_coprocessor/vector_coprocessor.srcs/sources_1/new/sum_vec.sv:23]
INFO: [Synth 8-6157] synthesizing module 'avg_vec' [C:/IPD432/vector_coprocessor/vector_coprocessor.srcs/sources_1/new/avg_vec.sv:23]
INFO: [Synth 8-6155] done synthesizing module 'avg_vec' (0#1) [C:/IPD432/vector_coprocessor/vector_coprocessor.srcs/sources_1/new/avg_vec.sv:23]
INFO: [Synth 8-6157] synthesizing module 'euc_dist' [C:/IPD432/vector_coprocessor/vector_coprocessor.srcs/sources_1/new/euc_dist.sv:3]
INFO: [Synth 8-6157] synthesizing module 'euc_accumulate' [C:/IPD432/vector_coprocessor/vector_coprocessor.srcs/sources_1/new/euc_accumulate.sv:3]
INFO: [Synth 8-6155] done synthesizing module 'euc_accumulate' (0#1) [C:/IPD432/vector_coprocessor/vector_coprocessor.srcs/sources_1/new/euc_accumulate.sv:3]
INFO: [Synth 8-6157] synthesizing module 'euc_sqrt' [C:/IPD432/vector_coprocessor/vector_coprocessor.srcs/sources_1/new/euc_sqrt.sv:3]
INFO: [Synth 8-6157] synthesizing module 'cordic_0' [C:/IPD432/vector_coprocessor/vector_coprocessor.runs/synth_1/.Xil/Vivado-22396-Cristian/realtime/cordic_0_stub.v:6]
INFO: [Synth 8-6155] done synthesizing module 'cordic_0' (0#1) [C:/IPD432/vector_coprocessor/vector_coprocessor.runs/synth_1/.Xil/Vivado-22396-Cristian/realtime/cordic_0_stub.v:6]
INFO: [Synth 8-6155] done synthesizing module 'euc_sqrt' (0#1) [C:/IPD432/vector_coprocessor/vector_coprocessor.srcs/sources_1/new/euc_sqrt.sv:3]
INFO: [Synth 8-6155] done synthesizing module 'euc_dist' (0#1) [C:/IPD432/vector_coprocessor/vector_coprocessor.srcs/sources_1/new/euc_dist.sv:3]
INFO: [Synth 8-6157] synthesizing module 'man_dist' [C:/IPD432/vector_coprocessor/vector_coprocessor.srcs/sources_1/new/man_dist.sv:23]
INFO: [Synth 8-6155] done synthesizing module 'man_dist' (0#1) [C:/IPD432/vector_coprocessor/vector_coprocessor.srcs/sources_1/new/man_dist.sv:23]
INFO: [Synth 8-6157] synthesizing module 'dot_prod' [C:/IPD432/vector_coprocessor/vector_coprocessor.srcs/sources_1/new/dot_prod.sv:23]
INFO: [Synth 8-6155] done synthesizing module 'dot_prod' (0#1) [C:/IPD432/vector_coprocessor/vector_coprocessor.srcs/sources_1/new/dot_prod.sv:23]
INFO: [Synth 8-6155] done synthesizing module 'processing_core' (0#1) [C:/IPD432/vector_coprocessor/vector_coprocessor.srcs/sources_1/new/processing_core.sv:17]
INFO: [Synth 8-6157] synthesizing module 'tx_splitter_new' [C:/IPD432/vector_coprocessor/vector_coprocessor.srcs/sources_1/new/tx_splitter_new.sv:23]
INFO: [Synth 8-6155] done synthesizing module 'tx_splitter_new' (0#1) [C:/IPD432/vector_coprocessor/vector_coprocessor.srcs/sources_1/new/tx_splitter_new.sv:23]
INFO: [Synth 8-6157] synthesizing module 'top_uart_tx' [C:/IPD432/vector_coprocessor/vector_coprocessor.srcs/sources_1/imports/sources_1/new/top_uart_tx.v:3]
	Parameter CLK_FREQUENCY bound to: 100000000 - type: integer 
	Parameter BAUD_RATE bound to: 115200 - type: integer 
INFO: [Synth 8-6157] synthesizing module 'uart_baud_tick_gen__parameterized0' [C:/IPD432/vector_coprocessor/vector_coprocessor.srcs/sources_1/imports/sources_1/imports/uart/uart_baud_tick_gen.v:11]
	Parameter CLK_FREQUENCY bound to: 100000000 - type: integer 
	Parameter BAUD_RATE bound to: 115200 - type: integer 
	Parameter OVERSAMPLING bound to: 1 - type: integer 
INFO: [Synth 8-6155] done synthesizing module 'uart_baud_tick_gen__parameterized0' (0#1) [C:/IPD432/vector_coprocessor/vector_coprocessor.srcs/sources_1/imports/sources_1/imports/uart/uart_baud_tick_gen.v:11]
INFO: [Synth 8-6157] synthesizing module 'uart_tx' [C:/IPD432/vector_coprocessor/vector_coprocessor.srcs/sources_1/imports/sources_1/imports/uart/uart_tx.v:10]
INFO: [Synth 8-6155] done synthesizing module 'uart_tx' (0#1) [C:/IPD432/vector_coprocessor/vector_coprocessor.srcs/sources_1/imports/sources_1/imports/uart/uart_tx.v:10]
INFO: [Synth 8-6155] done synthesizing module 'top_uart_tx' (0#1) [C:/IPD432/vector_coprocessor/vector_coprocessor.srcs/sources_1/imports/sources_1/new/top_uart_tx.v:3]
WARNING: [Synth 8-4446] all outputs are unconnected for this instance and logic may be removed [C:/IPD432/vector_coprocessor/vector_coprocessor.srcs/sources_1/new/vector_coprocessor.sv:163]
INFO: [Synth 8-6157] synthesizing module 'ila_0' [C:/IPD432/vector_coprocessor/vector_coprocessor.runs/synth_1/.Xil/Vivado-22396-Cristian/realtime/ila_0_stub.v:6]
INFO: [Synth 8-6155] done synthesizing module 'ila_0' (0#1) [C:/IPD432/vector_coprocessor/vector_coprocessor.runs/synth_1/.Xil/Vivado-22396-Cristian/realtime/ila_0_stub.v:6]
WARNING: [Synth 8-689] width (3) of port connection 'probe3' does not match port width (10) of module 'ila_0' [C:/IPD432/vector_coprocessor/vector_coprocessor.srcs/sources_1/new/vector_coprocessor.sv:168]
INFO: [Synth 8-6155] done synthesizing module 'vector_coprocessor' (0#1) [C:/IPD432/vector_coprocessor/vector_coprocessor.srcs/sources_1/new/vector_coprocessor.sv:3]
INFO: [Synth 8-6071] Mark debug on the nets applies keep_hierarchy on instance 'UART_RX_Logic'. This will prevent further optimization [C:/IPD432/vector_coprocessor/vector_coprocessor.srcs/sources_1/new/vector_coprocessor.sv:70]
INFO: [Synth 8-6071] Mark debug on the nets applies keep_hierarchy on instance 'ila'. This will prevent further optimization [C:/IPD432/vector_coprocessor/vector_coprocessor.srcs/sources_1/new/vector_coprocessor.sv:163]
INFO: [Synth 8-6071] Mark debug on the nets applies keep_hierarchy on instance 'Command_Block'. This will prevent further optimization [C:/IPD432/vector_coprocessor/vector_coprocessor.srcs/sources_1/new/vector_coprocessor.sv:93]
INFO: [Synth 8-6071] Mark debug on the nets applies keep_hierarchy on instance 'splitter'. This will prevent further optimization [C:/IPD432/vector_coprocessor/vector_coprocessor.srcs/sources_1/new/vector_coprocessor.sv:129]
INFO: [Synth 8-6071] Mark debug on the nets applies keep_hierarchy on instance 'Processing_Core'. This will prevent further optimization [C:/IPD432/vector_coprocessor/vector_coprocessor.srcs/sources_1/new/vector_coprocessor.sv:112]
INFO: [Synth 8-6071] Mark debug on the nets applies keep_hierarchy on instance 'BRAM_Vector_B'. This will prevent further optimization [C:/IPD432/vector_coprocessor/vector_coprocessor.srcs/sources_1/new/vector_coprocessor.sv:47]
INFO: [Synth 8-6071] Mark debug on the nets applies keep_hierarchy on instance 'BRAM_Vector_A'. This will prevent further optimization [C:/IPD432/vector_coprocessor/vector_coprocessor.srcs/sources_1/new/vector_coprocessor.sv:32]
---------------------------------------------------------------------------------
Finished RTL Elaboration : Time (s): cpu = 00:00:05 ; elapsed = 00:00:06 . Memory (MB): peak = 1342.797 ; gain = 609.383
---------------------------------------------------------------------------------
---------------------------------------------------------------------------------
Start Handling Custom Attributes
---------------------------------------------------------------------------------
---------------------------------------------------------------------------------
Finished Handling Custom Attributes : Time (s): cpu = 00:00:05 ; elapsed = 00:00:06 . Memory (MB): peak = 1342.797 ; gain = 609.383
---------------------------------------------------------------------------------
---------------------------------------------------------------------------------
Finished RTL Optimization Phase 1 : Time (s): cpu = 00:00:05 ; elapsed = 00:00:06 . Memory (MB): peak = 1342.797 ; gain = 609.383
---------------------------------------------------------------------------------
Netlist sorting complete. Time (s): cpu = 00:00:00 ; elapsed = 00:00:00.009 . Memory (MB): peak = 1342.797 ; gain = 0.000
INFO: [Project 1-570] Preparing netlist for logic optimization

Processing XDC Constraints
Initializing timing engine
Parsing XDC File [c:/IPD432/vector_coprocessor/vector_coprocessor.gen/sources_1/ip/blk_mem_gen_1/blk_mem_gen_1/blk_mem_gen_0_in_context.xdc] for cell 'BRAM_Vector_B'
Finished Parsing XDC File [c:/IPD432/vector_coprocessor/vector_coprocessor.gen/sources_1/ip/blk_mem_gen_1/blk_mem_gen_1/blk_mem_gen_0_in_context.xdc] for cell 'BRAM_Vector_B'
Parsing XDC File [c:/IPD432/vector_coprocessor/vector_coprocessor.gen/sources_1/ip/clk_wiz_0/clk_wiz_0/clk_wiz_0_in_context.xdc] for cell 'clk_src'
Finished Parsing XDC File [c:/IPD432/vector_coprocessor/vector_coprocessor.gen/sources_1/ip/clk_wiz_0/clk_wiz_0/clk_wiz_0_in_context.xdc] for cell 'clk_src'
Parsing XDC File [c:/IPD432/vector_coprocessor/vector_coprocessor.gen/sources_1/ip/ila_0/ila_0/ila_0_in_context.xdc] for cell 'ila'
Finished Parsing XDC File [c:/IPD432/vector_coprocessor/vector_coprocessor.gen/sources_1/ip/ila_0/ila_0/ila_0_in_context.xdc] for cell 'ila'
Parsing XDC File [c:/IPD432/vector_coprocessor/vector_coprocessor.gen/sources_1/ip/cordic_0/cordic_0/cordic_0_in_context.xdc] for cell 'Processing_Core/EucDist/euc_sqrt/cordic_inst'
Finished Parsing XDC File [c:/IPD432/vector_coprocessor/vector_coprocessor.gen/sources_1/ip/cordic_0/cordic_0/cordic_0_in_context.xdc] for cell 'Processing_Core/EucDist/euc_sqrt/cordic_inst'
Parsing XDC File [c:/IPD432/vector_coprocessor/vector_coprocessor.gen/sources_1/ip/blk_mem_gen_0/blk_mem_gen_0/blk_mem_gen_0_in_context.xdc] for cell 'BRAM_Vector_A'
Finished Parsing XDC File [c:/IPD432/vector_coprocessor/vector_coprocessor.gen/sources_1/ip/blk_mem_gen_0/blk_mem_gen_0/blk_mem_gen_0_in_context.xdc] for cell 'BRAM_Vector_A'
Parsing XDC File [C:/IPD432/vector_coprocessor/vector_coprocessor.srcs/constrs_1/imports/Downloads/Nexys4DDR_Master.xdc]
Finished Parsing XDC File [C:/IPD432/vector_coprocessor/vector_coprocessor.srcs/constrs_1/imports/Downloads/Nexys4DDR_Master.xdc]
INFO: [Project 1-236] Implementation specific constraints were found while reading constraint file [C:/IPD432/vector_coprocessor/vector_coprocessor.srcs/constrs_1/imports/Downloads/Nexys4DDR_Master.xdc]. These constraints will be ignored for synthesis but will be used in implementation. Impacted constraints are listed in the file [.Xil/vector_coprocessor_propImpl.xdc].
Resolution: To avoid this warning, move constraints listed in [.Xil/vector_coprocessor_propImpl.xdc] to another XDC file and exclude this new file from synthesis with the used_in_synthesis property (File Properties dialog in GUI) and re-run elaboration/synthesis.
Parsing XDC File [C:/IPD432/vector_coprocessor/vector_coprocessor.runs/synth_1/dont_touch.xdc]
Finished Parsing XDC File [C:/IPD432/vector_coprocessor/vector_coprocessor.runs/synth_1/dont_touch.xdc]
Completed Processing XDC Constraints

Netlist sorting complete. Time (s): cpu = 00:00:00 ; elapsed = 00:00:00 . Memory (MB): peak = 1389.754 ; gain = 0.000
INFO: [Project 1-111] Unisim Transformation Summary:
No Unisim elements were transformed.

Constraint Validation Runtime : Time (s): cpu = 00:00:00 ; elapsed = 00:00:00.004 . Memory (MB): peak = 1389.754 ; gain = 0.000
WARNING: [Timing 38-316] Clock period '20.000' specified during out-of-context synthesis of instance 'BRAM_Vector_A' at clock pin 'clka' is different from the actual clock period '10.000', this can lead to different synthesis results.
WARNING: [Timing 38-316] Clock period '20.000' specified during out-of-context synthesis of instance 'BRAM_Vector_B' at clock pin 'clka' is different from the actual clock period '10.000', this can lead to different synthesis results.
WARNING: [Timing 38-316] Clock period '1000.000' specified during out-of-context synthesis of instance 'Processing_Core/EucDist/euc_sqrt/cordic_inst' at clock pin 'aclk' is different from the actual clock period '10.000', this can lead to different synthesis results.
INFO: [Designutils 20-5440] No compile time benefit to using incremental synthesis; A full resynthesis will be run
INFO: [Designutils 20-4379] Flow is switching to default flow due to incremental criteria not met. If you would like to alter this behaviour and have the flow terminate instead, please set the following parameter config_implementation {autoIncr.Synth.RejectBehavior Terminate}
---------------------------------------------------------------------------------
Finished Constraint Validation : Time (s): cpu = 00:00:11 ; elapsed = 00:00:13 . Memory (MB): peak = 1393.688 ; gain = 660.273
---------------------------------------------------------------------------------
---------------------------------------------------------------------------------
Start Loading Part and Timing Information
---------------------------------------------------------------------------------
Loading part: xc7a100tcsg324-1
---------------------------------------------------------------------------------
Finished Loading Part and Timing Information : Time (s): cpu = 00:00:11 ; elapsed = 00:00:13 . Memory (MB): peak = 1393.688 ; gain = 660.273
---------------------------------------------------------------------------------
---------------------------------------------------------------------------------
Start Applying 'set_property' XDC Constraints
---------------------------------------------------------------------------------
---------------------------------------------------------------------------------
Finished applying 'set_property' XDC Constraints : Time (s): cpu = 00:00:11 ; elapsed = 00:00:13 . Memory (MB): peak = 1393.688 ; gain = 660.273
---------------------------------------------------------------------------------
INFO: [Synth 8-802] inferred FSM for state register 'state_reg' in module 'uart_rx'
INFO: [Synth 8-802] inferred FSM for state register 'state_reg' in module 'fsm_read_command'
INFO: [Synth 8-802] inferred FSM for state register 'state_reg' in module 'fsm_sel_bram'
INFO: [Synth 8-802] inferred FSM for state register 'state_reg' in module 'fsm_concatenation'
INFO: [Synth 8-802] inferred FSM for state register 'state_reg' in module 'FSM_RX_ctrl'
INFO: [Synth 8-802] inferred FSM for state register 'CurrentState_reg' in module 'processing_core_fsm'
INFO: [Synth 8-802] inferred FSM for state register 'CurrentState_reg' in module 'tx_splitter_new'
INFO: [Synth 8-802] inferred FSM for state register 'state_reg' in module 'uart_tx'
---------------------------------------------------------------------------------------------------
                   State |                     New Encoding |                Previous Encoding 
---------------------------------------------------------------------------------------------------
                 RX_IDLE |                              000 |                              000
                RX_START |                              001 |                              001
                 RX_RECV |                              010 |                              010
                 RX_STOP |                              011 |                              011
                RX_READY |                              100 |                              100
---------------------------------------------------------------------------------------------------
INFO: [Synth 8-3354] encoded FSM with state register 'state_reg' using encoding 'sequential' in module 'uart_rx'
---------------------------------------------------------------------------------------------------
                   State |                     New Encoding |                Previous Encoding 
---------------------------------------------------------------------------------------------------
                    IDLE |                           000001 |                              000
               READ_BYTE |                           000010 |                              001
              WRITE_MODE |                           000100 |                              010
              HOLD_WRITE |                           001000 |                              100
            COMMAND_MODE |                           010000 |                              011
            HOLD_COMMAND |                           100000 |                              101
---------------------------------------------------------------------------------------------------
INFO: [Synth 8-3354] encoded FSM with state register 'state_reg' using encoding 'one-hot' in module 'fsm_read_command'
---------------------------------------------------------------------------------------------------
                   State |                     New Encoding |                Previous Encoding 
---------------------------------------------------------------------------------------------------
                    IDLE |                              000 |                              000
               READ_BYTE |                              001 |                              001
                  BRAM_A |                              010 |                              010
                  HOLD_A |                              011 |                              100
                  BRAM_B |                              100 |                              011
                  HOLD_B |                              101 |                              101
---------------------------------------------------------------------------------------------------
INFO: [Synth 8-3354] encoded FSM with state register 'state_reg' using encoding 'sequential' in module 'fsm_sel_bram'
---------------------------------------------------------------------------------------------------
                   State |                     New Encoding |                Previous Encoding 
---------------------------------------------------------------------------------------------------
                    IDLE |                         00000001 |                              000
                   BYTE1 |                         00000010 |                              001
                    HOLD |                         00000100 |                              010
                   BYTE2 |                         00001000 |                              011
              CHECK_BYTE |                         00010000 |                              100
               END_WRITE |                         00100000 |                              111
                    DONE |                         01000000 |                              101
          WAIT_NEXT_BYTE |                         10000000 |                              110
---------------------------------------------------------------------------------------------------
INFO: [Synth 8-3354] encoded FSM with state register 'state_reg' using encoding 'one-hot' in module 'fsm_concatenation'
---------------------------------------------------------------------------------------------------
                   State |                     New Encoding |                Previous Encoding 
---------------------------------------------------------------------------------------------------
               READ_BYTE |                                0 |                               00
              WRITE_BYTE |                                1 |                               01
---------------------------------------------------------------------------------------------------
INFO: [Synth 8-3354] encoded FSM with state register 'state_reg' using encoding 'sequential' in module 'FSM_RX_ctrl'
---------------------------------------------------------------------------------------------------
                   State |                     New Encoding |                Previous Encoding 
---------------------------------------------------------------------------------------------------
                    IDLE |                              000 |                      00000000000
                SUM_EXEC |                              001 |                      00000000001
               SUM_READY |                              010 |                      00000000011
                SUM_WAIT |                              011 |                      00000000100
                SUM_INCR |                              100 |                      00000000010
                CUM_EXEC |                              101 |                      00000000101
                CUM_INCR |                              110 |                      00000000110
                CUM_SEND |                              111 |                      00000000111
---------------------------------------------------------------------------------------------------
INFO: [Synth 8-3354] encoded FSM with state register 'CurrentState_reg' using encoding 'sequential' in module 'processing_core_fsm'
---------------------------------------------------------------------------------------------------
                   State |                     New Encoding |                Previous Encoding 
---------------------------------------------------------------------------------------------------
                    IDLE |                               00 |                             0000
                SEND_PCK |                               01 |                             0001
                WAIT_PCK |                               10 |                             0010
                INCR_PCK |                               11 |                             0011
---------------------------------------------------------------------------------------------------
INFO: [Synth 8-3354] encoded FSM with state register 'CurrentState_reg' using encoding 'sequential' in module 'tx_splitter_new'
---------------------------------------------------------------------------------------------------
                   State |                     New Encoding |                Previous Encoding 
---------------------------------------------------------------------------------------------------
                 TX_IDLE |                               00 |                               00
                TX_START |                               01 |                               01
                 TX_SEND |                               10 |                               10
                 TX_STOP |                               11 |                               11
---------------------------------------------------------------------------------------------------
INFO: [Synth 8-3354] encoded FSM with state register 'state_reg' using encoding 'sequential' in module 'uart_tx'
---------------------------------------------------------------------------------
Finished RTL Optimization Phase 2 : Time (s): cpu = 00:00:12 ; elapsed = 00:00:13 . Memory (MB): peak = 1393.688 ; gain = 660.273
---------------------------------------------------------------------------------
---------------------------------------------------------------------------------
Start RTL Component Statistics 
---------------------------------------------------------------------------------
Detailed RTL Component Info : 
+---Adders : 
	   2 Input   30 Bit       Adders := 3     
	   3 Input   30 Bit       Adders := 1     
	   3 Input   20 Bit       Adders := 1     
	   2 Input   19 Bit       Adders := 2     
	   2 Input   11 Bit       Adders := 1     
	   2 Input   10 Bit       Adders := 1     
	   2 Input    3 Bit       Adders := 5     
	   2 Input    2 Bit       Adders := 3     
+---Registers : 
	               30 Bit    Registers := 2     
	               19 Bit    Registers := 2     
	                8 Bit    Registers := 4     
	                3 Bit    Registers := 5     
	                2 Bit    Registers := 4     
	                1 Bit    Registers := 4     
+---Muxes : 
	   2 Input   30 Bit        Muxes := 4     
	   4 Input   30 Bit        Muxes := 1     
	   2 Input   20 Bit        Muxes := 2     
	   8 Input   11 Bit        Muxes := 1     
	   2 Input   10 Bit        Muxes := 3     
	   4 Input   10 Bit        Muxes := 1     
	   8 Input    8 Bit        Muxes := 1     
	   2 Input    8 Bit        Muxes := 4     
	   4 Input    8 Bit        Muxes := 1     
	   6 Input    6 Bit        Muxes := 1     
	   2 Input    6 Bit        Muxes := 3     
	   4 Input    3 Bit        Muxes := 3     
	   5 Input    3 Bit        Muxes := 1     
	   2 Input    3 Bit        Muxes := 16    
	   6 Input    3 Bit        Muxes := 1     
	   3 Input    3 Bit        Muxes := 2     
	   8 Input    3 Bit        Muxes := 2     
	   2 Input    2 Bit        Muxes := 8     
	   4 Input    2 Bit        Muxes := 2     
	   2 Input    1 Bit        Muxes := 9     
	   3 Input    1 Bit        Muxes := 1     
	   4 Input    1 Bit        Muxes := 10    
	   5 Input    1 Bit        Muxes := 1     
	   6 Input    1 Bit        Muxes := 5     
	   8 Input    1 Bit        Muxes := 5     
---------------------------------------------------------------------------------
Finished RTL Component Statistics 
---------------------------------------------------------------------------------
---------------------------------------------------------------------------------
Start Part Resource Summary
---------------------------------------------------------------------------------
Part Resources:
DSPs: 240 (col length:80)
BRAMs: 270 (col length: RAMB18 80 RAMB36 40)
---------------------------------------------------------------------------------
Finished Part Resource Summary
---------------------------------------------------------------------------------
---------------------------------------------------------------------------------
Start Cross Boundary and Area Optimization
---------------------------------------------------------------------------------
WARNING: [Synth 8-7080] Parallel synthesis criteria is not met
DSP Report: Generating DSP EucDist/euc_accumulate/diff_sq, operation Mode is: A*B.
DSP Report: operator EucDist/euc_accumulate/diff_sq is absorbed into DSP EucDist/euc_accumulate/diff_sq.
DSP Report: operator EucDist/euc_accumulate/diff_sq is absorbed into DSP EucDist/euc_accumulate/diff_sq.
DSP Report: Generating DSP DotProd/out, operation Mode is: C+A*B.
DSP Report: operator DotProd/out is absorbed into DSP DotProd/out.
DSP Report: operator DotProd/out0 is absorbed into DSP DotProd/out.
---------------------------------------------------------------------------------
Finished Cross Boundary and Area Optimization : Time (s): cpu = 00:00:15 ; elapsed = 00:00:17 . Memory (MB): peak = 1410.133 ; gain = 676.719
---------------------------------------------------------------------------------
 Sort Area is  EucDist/euc_accumulate/diff_sq_2 : 0 0 : 3022 3022 : Used 1 time 0
 Sort Area is  DotProd/out_0 : 0 0 : 812 812 : Used 1 time 0
---------------------------------------------------------------------------------
Start ROM, RAM, DSP, Shift Register and Retiming Reporting
---------------------------------------------------------------------------------

DSP: Preliminary Mapping Report (see note below. The ' indicates corresponding REG is set)
+---------------+-------------+--------+--------+--------+--------+--------+------+------+------+------+-------+------+------+
|Module Name    | DSP Mapping | A Size | B Size | C Size | D Size | P Size | AREG | BREG | CREG | DREG | ADREG | MREG | PREG | 
+---------------+-------------+--------+--------+--------+--------+--------+------+------+------+------+-------+------+------+
|euc_accumulate | A*B         | 21     | 18     | -      | -      | 48     | 0    | 0    | -    | -    | -     | 0    | 0    | 
|dot_prod       | C+A*B       | 10     | 10     | 30     | -      | 30     | 0    | 0    | 0    | -    | -     | 0    | 0    | 
+---------------+-------------+--------+--------+--------+--------+--------+------+------+------+------+-------+------+------+

Note: The table above is a preliminary report that shows the DSPs inferred at the current stage of the synthesis flow. Some DSP may be reimplemented as non DSP primitives later in the synthesis flow. Multiple instantiated DSPs are reported only once.
---------------------------------------------------------------------------------
Finished ROM, RAM, DSP, Shift Register and Retiming Reporting
---------------------------------------------------------------------------------
---------------------------------------------------------------------------------
Start Applying XDC Timing Constraints
---------------------------------------------------------------------------------
---------------------------------------------------------------------------------
Finished Applying XDC Timing Constraints : Time (s): cpu = 00:00:24 ; elapsed = 00:00:26 . Memory (MB): peak = 1603.230 ; gain = 869.816
---------------------------------------------------------------------------------
---------------------------------------------------------------------------------
Start Timing Optimization
---------------------------------------------------------------------------------
---------------------------------------------------------------------------------
Finished Timing Optimization : Time (s): cpu = 00:00:24 ; elapsed = 00:00:27 . Memory (MB): peak = 1627.480 ; gain = 894.066
---------------------------------------------------------------------------------
---------------------------------------------------------------------------------
Start Technology Mapping
---------------------------------------------------------------------------------
---------------------------------------------------------------------------------
Finished Technology Mapping : Time (s): cpu = 00:00:24 ; elapsed = 00:00:27 . Memory (MB): peak = 1629.254 ; gain = 895.840
---------------------------------------------------------------------------------
---------------------------------------------------------------------------------
Start IO Insertion
---------------------------------------------------------------------------------
---------------------------------------------------------------------------------
Start Flattening Before IO Insertion
---------------------------------------------------------------------------------
---------------------------------------------------------------------------------
Finished Flattening Before IO Insertion
---------------------------------------------------------------------------------
---------------------------------------------------------------------------------
Start Final Netlist Cleanup
---------------------------------------------------------------------------------
---------------------------------------------------------------------------------
Finished Final Netlist Cleanup
---------------------------------------------------------------------------------
---------------------------------------------------------------------------------
Finished IO Insertion : Time (s): cpu = 00:00:28 ; elapsed = 00:00:31 . Memory (MB): peak = 1850.094 ; gain = 1116.680
---------------------------------------------------------------------------------
---------------------------------------------------------------------------------
Start Renaming Generated Instances
---------------------------------------------------------------------------------
---------------------------------------------------------------------------------
Finished Renaming Generated Instances : Time (s): cpu = 00:00:28 ; elapsed = 00:00:31 . Memory (MB): peak = 1850.094 ; gain = 1116.680
---------------------------------------------------------------------------------
---------------------------------------------------------------------------------
Start Rebuilding User Hierarchy
---------------------------------------------------------------------------------
---------------------------------------------------------------------------------
Finished Rebuilding User Hierarchy : Time (s): cpu = 00:00:28 ; elapsed = 00:00:31 . Memory (MB): peak = 1850.094 ; gain = 1116.680
---------------------------------------------------------------------------------
---------------------------------------------------------------------------------
Start Renaming Generated Ports
---------------------------------------------------------------------------------
---------------------------------------------------------------------------------
Finished Renaming Generated Ports : Time (s): cpu = 00:00:28 ; elapsed = 00:00:31 . Memory (MB): peak = 1850.094 ; gain = 1116.680
---------------------------------------------------------------------------------
---------------------------------------------------------------------------------
Start Handling Custom Attributes
---------------------------------------------------------------------------------
---------------------------------------------------------------------------------
Finished Handling Custom Attributes : Time (s): cpu = 00:00:28 ; elapsed = 00:00:31 . Memory (MB): peak = 1850.094 ; gain = 1116.680
---------------------------------------------------------------------------------
---------------------------------------------------------------------------------
Start Renaming Generated Nets
---------------------------------------------------------------------------------
---------------------------------------------------------------------------------
Finished Renaming Generated Nets : Time (s): cpu = 00:00:28 ; elapsed = 00:00:31 . Memory (MB): peak = 1850.094 ; gain = 1116.680
---------------------------------------------------------------------------------
---------------------------------------------------------------------------------
Start Writing Synthesis Report
---------------------------------------------------------------------------------

DSP Final Report (the ' indicates corresponding REG is set)
+---------------+-------------+--------+--------+--------+--------+--------+------+------+------+------+-------+------+------+
|Module Name    | DSP Mapping | A Size | B Size | C Size | D Size | P Size | AREG | BREG | CREG | DREG | ADREG | MREG | PREG | 
+---------------+-------------+--------+--------+--------+--------+--------+------+------+------+------+-------+------+------+
|dot_prod       | C+A*B       | 10     | 10     | 30     | -      | 30     | 0    | 0    | 0    | -    | -     | 0    | 0    | 
|euc_accumulate | A*B         | 20     | 17     | -      | -      | 48     | 0    | 0    | -    | -    | -     | 0    | 0    | 
+---------------+-------------+--------+--------+--------+--------+--------+------+------+------+------+-------+------+------+


Report BlackBoxes: 
+------+--------------+----------+
|      |BlackBox name |Instances |
+------+--------------+----------+
|1     |clk_wiz_0     |         1|
|2     |blk_mem_gen_0 |         1|
|3     |blk_mem_gen_1 |         1|
|4     |cordic_0      |         1|
|5     |ila_0         |         1|
+------+--------------+----------+

Report Cell Usage: 
+------+------------+------+
|      |Cell        |Count |
+------+------------+------+
|1     |blk_mem_gen |     2|
|3     |clk_wiz     |     1|
|4     |cordic      |     1|
|5     |ila         |     1|
|6     |CARRY4      |    55|
|7     |DSP48E1     |     2|
|9     |LUT1        |    22|
|10    |LUT2        |    81|
|11    |LUT3        |    75|
|12    |LUT4        |    64|
|13    |LUT5        |    68|
|14    |LUT6        |    58|
|15    |MUXF7       |     2|
|16    |FDCE        |    40|
|17    |FDPE        |     1|
|18    |FDRE        |   138|
|19    |FDSE        |     6|
|20    |IBUF        |     2|
|21    |OBUF        |     1|
+------+------------+------+
---------------------------------------------------------------------------------
Finished Writing Synthesis Report : Time (s): cpu = 00:00:28 ; elapsed = 00:00:31 . Memory (MB): peak = 1850.094 ; gain = 1116.680
---------------------------------------------------------------------------------
Synthesis finished with 0 errors, 0 critical warnings and 1 warnings.
Synthesis Optimization Runtime : Time (s): cpu = 00:00:21 ; elapsed = 00:00:29 . Memory (MB): peak = 1850.094 ; gain = 1065.789
Synthesis Optimization Complete : Time (s): cpu = 00:00:28 ; elapsed = 00:00:31 . Memory (MB): peak = 1850.094 ; gain = 1116.680
INFO: [Project 1-571] Translating synthesized netlist
Netlist sorting complete. Time (s): cpu = 00:00:00 ; elapsed = 00:00:00.007 . Memory (MB): peak = 1859.242 ; gain = 0.000
INFO: [Netlist 29-17] Analyzing 59 Unisim elements for replacement
INFO: [Netlist 29-28] Unisim Transformation completed in 0 CPU seconds
INFO: [Project 1-570] Preparing netlist for logic optimization
INFO: [Opt 31-140] Inserted 1 IBUFs to IO ports without IO buffers.
INFO: [Opt 31-138] Pushed 0 inverter(s) to 0 load pin(s).
Netlist sorting complete. Time (s): cpu = 00:00:00 ; elapsed = 00:00:00 . Memory (MB): peak = 1862.863 ; gain = 0.000
INFO: [Project 1-111] Unisim Transformation Summary:
No Unisim elements were transformed.

Synth Design complete | Checksum: cc571ad9
INFO: [Common 17-83] Releasing license: Synthesis
117 Infos, 16 Warnings, 0 Critical Warnings and 0 Errors encountered.
synth_design completed successfully
synth_design: Time (s): cpu = 00:00:31 ; elapsed = 00:00:36 . Memory (MB): peak = 1862.863 ; gain = 1334.750
Write ShapeDB Complete: Time (s): cpu = 00:00:00 ; elapsed = 00:00:00.002 . Memory (MB): peak = 1862.863 ; gain = 0.000
INFO: [Common 17-1381] The checkpoint 'C:/IPD432/vector_coprocessor/vector_coprocessor.runs/synth_1/vector_coprocessor.dcp' has been generated.
INFO: [Vivado 12-24828] Executing command : report_utilization -file vector_coprocessor_utilization_synth.rpt -pb vector_coprocessor_utilization_synth.pb
INFO: [Common 17-206] Exiting Vivado at Tue Oct 14 21:52:27 2025...
