#-----------------------------------------------------------
# Vivado v2025.1 (64-bit)
# SW Build 6140274 on Thu May 22 00:12:29 MDT 2025
# IP Build 6138677 on Thu May 22 03:10:11 MDT 2025
# SharedData Build 6139179 on Tue May 20 17:58:58 MDT 2025
# Start of session at: Tue Oct 14 21:51:42 2025
# Process ID         : 22396
# Current directory  : C:/IPD432/vector_coprocessor/vector_coprocessor.runs/synth_1
# Command line       : vivado.exe -log vector_coprocessor.vds -product Vivado -mode batch -messageDb vivado.pb -notrace -source vector_coprocessor.tcl
# Log file           : C:/IPD432/vector_coprocessor/vector_coprocessor.runs/synth_1/vector_coprocessor.vds
# Journal file       : C:/IPD432/vector_coprocessor/vector_coprocessor.runs/synth_1\vivado.jou
# Running On         : Cristian
# Platform           : Windows Server 2016 or Windows 10
# Operating System   : 26100
# Processor Detail   : 12th Gen Intel(R) Core(TM) i5-12500H
# CPU Frequency      : 3110 MHz
# CPU Physical cores : 12
# CPU Logical cores  : 16
# Host memory        : 16782 MB
# Swap memory        : 8321 MB
# Total Virtual      : 25103 MB
# Available Virtual  : 4331 MB
#-----------------------------------------------------------
source vector_coprocessor.tcl -notrace
